$ git init
Reinitialized existing Git repository in C:/Users/Asus/Desktop/New folder/sshkey/.git/

Asus@DESKTOP-V303J2R MINGW64 ~/Desktop/New folder/sshkey (main)
$ git pull
Already up to date.

Asus@DESKTOP-V303J2R MINGW64 ~/Desktop/New folder/sshkey (main)
$ git add *

Asus@DESKTOP-V303J2R MINGW64 ~/Desktop/New folder/sshkey (main)
$ git status
On branch main
Your branch is up to date with 'origin/main'.

Changes to be committed:
  (use "git restore --staged <file>..." to unstage)
        new file:   GitClone.txt



Asus@DESKTOP-V303J2R MINGW64 ~/Desktop/New folder/sshkey (main)
$ git commit -m " Git clone file"
[main 87d8f35]  Git clone file
 1 file changed, 1 insertion(+)
 create mode 100644 GitClone.txt

Asus@DESKTOP-V303J2R MINGW64 ~/Desktop/New folder/sshkey (main)
$ git push
Enumerating objects: 4, done.
Counting objects: 100% (4/4), done.
Delta compression using up to 2 threads
Compressing objects: 100% (2/2), done.
Writing objects: 100% (3/3), 334 bytes | 83.00 KiB/s, done.
Total 3 (delta 0), reused 0 (delta 0), pack-reused 0
To github.com:zahidloshan/sshkey.git
   be4d56a..87d8f35  main -> main
